{
  "walletId": "a9a03905-d962-592c-aad0-f7555d81fe59",
  "balance": 100.0
}