{
  "type": "wallet_not_found",
  "message": "No wallets found using the search terms provided - id: 4ef996c1-d1e2-530f-b142-75f6ce970c58"
}