{
  "approvedValue": 0,
  "result": "declined_by_same_wallet_transfer",
  "value": 10
}