{
  "approvedValue": 0,
  "result": "declined_by_null_payload",
  "value": 0
}