{
  "approvedValue": 0,
  "result": "declined_by_insufficient_funds",
  "value": 1000
}