{
  "approvedValue": 0,
  "result": "declined_by_transaction_not_found",
  "value": 0
}