{
  "approvedValue": 0,
  "result": "declined_by_prohibed_undo",
  "value": 0
}