{
  "approvedValue": 20.5,
  "result": "approved",
  "walletId": "a9a03905-d962-592c-aad0-f7555d81fe59",
  "value": 20.5
}