{
  "approvedValue": 0,
  "result": "declined_by_min_balance",
  "value": 60
}