{
  "approvedValue": 0,
  "result": "declined_by_forbidden_operation",
  "walletId": "a9a03905-d962-592c-aad0-f7555d81fe59",
  "value": 10
}