{
  "approvedValue": 0,
  "result": "declined_by_wallet_not_found",
  "value": 20.5
}