{
  "approvedValue": 0,
  "result": "declined_by_invalid_value",
  "value": 0
}