{
  "type": "invalid_start_date",
  "message": "The startDate must be grater than or equal to the endDate minus 90 days"
}