{
  "type": "invalid_date_interval",
  "message": "The endDate parameter must be grater than the startDate one"
}